// Jest Snapshot v1, https://goo.gl/fbAQLP

exports[`HotelList Element error snapshot test 1`] = `
<ActivityIndicator
  color="#E12C70"
  size="large"
  style={
    {
      "alignItems": "center",
      "flex": 1,
      "justifyContent": "center",
    }
  }
  testID="loaderTestId"
/>
`;
