// Jest Snapshot v1, https://goo.gl/fbAQLP

exports[`HotelCard Element snapshot test 1`] = `
<View
  style={
    {
      "alignItems": "center",
      "flex": 1,
      "justifyContent": "center",
    }
  }
  testID="errorViewTestId"
>
  <Text
    style={
      {
        "fontSize": 24,
        "fontWeight": "bold",
      }
    }
  >
    Error Loading Data
  </Text>
</View>
`;
